apiVersion: networking.k8s.io/v1beta1
kind: Ingress
metadata:
  annotations:
    alb.ingress.kubernetes.io/certificate-arn: ""
    alb.ingress.kubernetes.io/listen-ports: '[{"HTTPS":443}]'
    alb.ingress.kubernetes.io/load-balancer-attributes: routing.http.drop_invalid_header_fields.enabled=true
    alb.ingress.kubernetes.io/scheme: internet-facing
    kubernetes.io/ingress.class: alb
  labels:
    kustomize.component: istio-ingress
  name: istio-ingress
  namespace: istio-system
spec:
  rules:
  - http:
      paths:
      - backend:
          serviceName: istio-ingressgateway
          servicePort: 80
        path: /*
