apiVersion: apiextensions.k8s.io/v1
kind: CustomResourceDefinition
metadata:
  labels:
    knative.dev/crd-install: "true"
    serving.knative.dev/release: v0.22.1
  name: metrics.autoscaling.internal.knative.dev
spec:
  group: autoscaling.internal.knative.dev
  names:
    categories:
    - knative-internal
    - autoscaling
    kind: Metric
    plural: metrics
    singular: metric
  scope: Namespaced
  versions:
  - additionalPrinterColumns:
    - jsonPath: .status.conditions[?(@.type=='Ready')].status
      name: Ready
      type: string
    - jsonPath: .status.conditions[?(@.type=='Ready')].reason
      name: Reason
      type: string
    name: v1alpha1
    schema:
      openAPIV3Schema:
        type: object
        x-kubernetes-preserve-unknown-fields: true
    served: true
    storage: true
    subresources:
      status: {}
