apiVersion: apiextensions.k8s.io/v1
kind: CustomResourceDefinition
metadata:
  labels:
    knative.dev/crd-install: "true"
    serving.knative.dev/release: v0.22.1
  name: serverlessservices.networking.internal.knative.dev
spec:
  group: networking.internal.knative.dev
  names:
    categories:
    - knative-internal
    - networking
    kind: ServerlessService
    plural: serverlessservices
    shortNames:
    - sks
    singular: serverlessservice
  scope: Namespaced
  versions:
  - additionalPrinterColumns:
    - jsonPath: .spec.mode
      name: Mode
      type: string
    - jsonPath: .spec.numActivators
      name: Activators
      type: integer
    - jsonPath: .status.serviceName
      name: ServiceName
      type: string
    - jsonPath: .status.privateServiceName
      name: PrivateServiceName
      type: string
    - jsonPath: .status.conditions[?(@.type=='Ready')].status
      name: Ready
      type: string
    - jsonPath: .status.conditions[?(@.type=='Ready')].reason
      name: Reason
      type: string
    name: v1alpha1
    schema:
      openAPIV3Schema:
        type: object
        x-kubernetes-preserve-unknown-fields: true
    served: true
    storage: true
    subresources:
      status: {}
