apiVersion: v1
data:
  MaxIdleConnections: "1000"
  MaxIdleConnectionsPerHost: "100"
kind: ConfigMap
metadata:
  labels:
    app.kubernetes.io/component: knative-eventing
    app.kubernetes.io/name: knative-eventing
    eventing.knative.dev/release: v0.22.1
    kustomize.component: knative
  name: config-imc-event-dispatcher
  namespace: knative-eventing
