apiVersion: apps/v1
kind: Deployment
metadata:
  labels:
    serving.knative.dev/release: v0.22.1
  name: controller
  namespace: knative-serving
spec:
  selector:
    matchLabels:
      app: controller
  template:
    metadata:
      annotations:
        cluster-autoscaler.kubernetes.io/safe-to-evict: "true"
        sidecar.istio.io/inject: "true"
      labels:
        app: controller
        serving.knative.dev/release: v0.22.1
    spec:
      affinity:
        podAntiAffinity:
          preferredDuringSchedulingIgnoredDuringExecution:
          - podAffinityTerm:
              labelSelector:
                matchLabels:
                  app: controller
              topologyKey: kubernetes.io/hostname
            weight: 100
      containers:
      - env:
        - name: POD_NAME
          valueFrom:
            fieldRef:
              fieldPath: metadata.name
        - name: SYSTEM_NAMESPACE
          valueFrom:
            fieldRef:
              fieldPath: metadata.namespace
        - name: CONFIG_LOGGING_NAME
          value: config-logging
        - name: CONFIG_OBSERVABILITY_NAME
          value: config-observability
        - name: METRICS_DOMAIN
          value: knative.dev/internal/serving
        image: gcr.io/knative-releases/knative.dev/serving/cmd/controller@sha256:bd7c6350e5d5c4edaa197a86fb96cff78bdd3e61f33fcb77aa60930de0ec0827
        name: controller
        ports:
        - containerPort: 9090
          name: metrics
        - containerPort: 8008
          name: profiling
        resources:
          limits:
            cpu: 1000m
            memory: 1000Mi
          requests:
            cpu: 100m
            memory: 100Mi
        securityContext:
          allowPrivilegeEscalation: false
          capabilities:
            drop:
            - all
          readOnlyRootFilesystem: true
          runAsNonRoot: true
      serviceAccountName: controller
