apiVersion: v1
data:
  default-br-config: |
    clusterDefault:
      brokerClass: MTChannelBasedBroker
      apiVersion: v1
      kind: ConfigMap
      name: config-br-default-channel
      namespace: knative-eventing
kind: ConfigMap
metadata:
  labels:
    app.kubernetes.io/component: knative-eventing
    app.kubernetes.io/name: knative-eventing
    eventing.knative.dev/release: v0.22.1
    kustomize.component: knative
  name: config-br-defaults
  namespace: knative-eventing
