apiVersion: rbac.authorization.k8s.io/v1
kind: ClusterRole
metadata:
  labels:
    app: kfserving
    app.kubernetes.io/component: kfserving-models-web-app
    app.kubernetes.io/name: kfserving
    kustomize.component: kfserving-models-web-app
  name: kfserving-models-web-app-cluster-role
rules:
- apiGroups:
  - authorization.k8s.io
  resources:
  - subjectaccessreviews
  verbs:
  - create
- apiGroups:
  - ""
  resources:
  - namespaces
  - pods
  - pods/log
  - events
  verbs:
  - get
  - list
- apiGroups:
  - serving.kubeflow.org
  resources:
  - inferenceservices
  - inferenceservices/status
  verbs:
  - get
  - list
  - watch
  - create
  - delete
  - deletecollection
  - patch
  - update
- apiGroups:
  - serving.knative.dev
  resources:
  - services
  - services/status
  - routes
  - routes/status
  - configurations
  - configurations/status
  - revisions
  - revisions/status
  verbs:
  - get
  - list
