aggregationRule:
  clusterRoleSelectors:
  - matchLabels:
      serving.knative.dev/controller: "true"
apiVersion: rbac.authorization.k8s.io/v1
kind: ClusterRole
metadata:
  labels:
    serving.knative.dev/release: v0.22.1
  name: knative-serving-admin
rules: []
