apiVersion: rbac.authorization.k8s.io/v1
kind: ClusterRole
metadata:
  labels:
    app.kubernetes.io/component: knative-eventing
    app.kubernetes.io/name: knative-eventing
    eventing.knative.dev/release: v0.22.1
    kustomize.component: knative
  name: imc-controller
rules:
- apiGroups:
  - messaging.knative.dev
  resources:
  - inmemorychannels
  - inmemorychannels/status
  verbs:
  - get
  - list
  - watch
  - update
- apiGroups:
  - messaging.knative.dev
  resources:
  - inmemorychannels/finalizers
  verbs:
  - update
- apiGroups:
  - messaging.knative.dev
  resources:
  - inmemorychannels/finalizers
  - inmemorychannels/status
  - inmemorychannels
  verbs:
  - patch
- apiGroups:
  - ""
  resources:
  - services
  - serviceaccounts
  verbs:
  - get
  - list
  - watch
  - create
  - update
  - patch
- apiGroups:
  - ""
  resources:
  - endpoints
  verbs:
  - get
  - list
  - watch
- apiGroups:
  - rbac.authorization.k8s.io
  resources:
  - rolebindings
  verbs:
  - get
  - list
  - watch
  - create
  - update
  - patch
- apiGroups:
  - apps
  resources:
  - deployments
  verbs:
  - get
  - list
  - watch
  - create
  - update
  - patch
- apiGroups:
  - apps
  resources:
  - deployments/status
  verbs:
  - get
  - list
  - watch
- apiGroups:
  - ""
  resources:
  - configmaps
  verbs:
  - get
  - list
  - watch
- apiGroups:
  - ""
  resources:
  - events
  verbs:
  - create
  - patch
- apiGroups:
  - coordination.k8s.io
  resources:
  - leases
  verbs:
  - get
  - list
  - watch
  - create
  - update
  - patch
