apiVersion: v1
data:
  clusterName: ""
kind: ConfigMap
metadata:
  labels:
    app: aws-alb-ingress-controller
    app.kubernetes.io/component: aws-alb-ingress-controller
    app.kubernetes.io/name: aws-alb-ingress-controller
    kustomize.component: aws-alb-ingress-controller
  name: aws-alb-ingress-controller-config
  namespace: kubeflow
