apiVersion: apiextensions.k8s.io/v1
kind: CustomResourceDefinition
metadata:
  labels:
    duck.knative.dev/addressable: "true"
    knative.dev/crd-install: "true"
    serving.knative.dev/release: v0.22.1
  name: routes.serving.knative.dev
spec:
  group: serving.knative.dev
  names:
    categories:
    - all
    - knative
    - serving
    kind: Route
    plural: routes
    shortNames:
    - rt
    singular: route
  scope: Namespaced
  versions:
  - additionalPrinterColumns:
    - jsonPath: .status.url
      name: URL
      type: string
    - jsonPath: .status.conditions[?(@.type=='Ready')].status
      name: Ready
      type: string
    - jsonPath: .status.conditions[?(@.type=='Ready')].reason
      name: Reason
      type: string
    name: v1
    schema:
      openAPIV3Schema:
        type: object
        x-kubernetes-preserve-unknown-fields: true
    served: true
    storage: true
    subresources:
      status: {}
