apiVersion: v1
data:
  OIDC_AUTH_URL: /dex/auth
  OIDC_PROVIDER: http://dex.auth.svc.cluster.local:5556/dex
  OIDC_SCOPES: profile email groups
  PORT: '"8080"'
  REDIRECT_URL: /login/oidc
  SKIP_AUTH_URI: /dex
  STORE_PATH: /var/lib/authservice/data.db
  USERID_CLAIM: email
  USERID_HEADER: kubeflow-userid
  USERID_PREFIX: ""
kind: ConfigMap
metadata:
  name: oidc-authservice-parameters
  namespace: istio-system
