apiVersion: v1
kind: Service
metadata:
  labels:
    experimental.istio.io/disable-gateway-port-translation: "true"
    networking.knative.dev/ingress-provider: istio
    serving.knative.dev/release: v0.22.1
  name: knative-local-gateway
  namespace: istio-system
spec:
  ports:
  - name: http2
    port: 80
    targetPort: 8081
  selector:
    app: cluster-local-gateway
    istio: cluster-local-gateway
  type: ClusterIP
