apiVersion: rbac.authorization.k8s.io/v1
kind: Role
metadata:
  labels:
    app.kubernetes.io/component: knative-eventing
    app.kubernetes.io/name: knative-eventing
    eventing.knative.dev/release: v0.22.1
    kustomize.component: knative
  name: knative-eventing-webhook
  namespace: knative-eventing
rules:
- apiGroups:
  - ""
  resources:
  - secrets
  verbs:
  - get
  - create
  - update
  - list
  - watch
  - patch
