apiVersion: v1
data:
  channelTemplateSpec: |
    apiVersion: messaging.knative.dev/v1
    kind: InMemoryChannel
kind: ConfigMap
metadata:
  labels:
    app.kubernetes.io/component: knative-eventing
    app.kubernetes.io/name: knative-eventing
    eventing.knative.dev/release: v0.22.1
    kustomize.component: knative
  name: config-br-default-channel
  namespace: knative-eventing
