apiVersion: autoscaling/v2beta2
kind: HorizontalPodAutoscaler
metadata:
  labels:
    serving.knative.dev/release: v0.22.1
  name: activator
  namespace: knative-serving
spec:
  maxReplicas: 20
  metrics:
  - resource:
      name: cpu
      target:
        averageUtilization: 100
        type: Utilization
    type: Resource
  minReplicas: 1
  scaleTargetRef:
    apiVersion: apps/v1
    kind: Deployment
    name: activator
