apiVersion: v1
kind: Service
metadata:
  labels:
    app.kubernetes.io/component: knative-eventing
    app.kubernetes.io/name: knative-eventing
    eventing.knative.dev/release: v0.22.1
    kustomize.component: knative
    messaging.knative.dev/channel: in-memory-channel
    messaging.knative.dev/role: dispatcher
  name: imc-dispatcher
  namespace: knative-eventing
spec:
  ports:
  - name: http-dispatcher
    port: 80
    protocol: TCP
    targetPort: 8080
  selector:
    app.kubernetes.io/component: knative-eventing
    app.kubernetes.io/name: knative-eventing
    kustomize.component: knative
    messaging.knative.dev/channel: in-memory-channel
    messaging.knative.dev/role: dispatcher
