apiVersion: v1
data:
  ConMaxLifeTimeSec: "120"
  appName: pipeline
  appVersion: 1.7.0
  autoUpdatePipelineDefaultVersion: "true"
  bucketName: unit-test-bucket
  cacheDb: cachedb
  cacheImage: gcr.io/google-containers/busybox
  cacheNodeRestrictions: "false"
  cronScheduleTimezone: UTC
  dbHost: rm12abc4krxxxxx.xxxxxxxxxxxx.us-west-2.rds.amazonaws.com
  dbPort: "3306"
  defaultPipelineRoot: ""
  minioServiceHost: s3.amazonaws.com
  minioServiceRegion: us-west-2
  mlmdDb: test-db
  pipelineDb: mlpipeline
  warning: |
    1. Do not use kubectl to edit this configmap, because some values are used
    during kustomize build. Instead, change the configmap and apply the entire
    kustomize manifests again.
    2. After updating the configmap, some deployments may need to be restarted
    until the changes take effect. A quick way to restart all deployments in a
    namespace: `kubectl rollout restart deployment -n <your-namespace>`.
kind: ConfigMap
metadata:
  annotations: {}
  labels:
    app.kubernetes.io/component: ml-pipeline
    app.kubernetes.io/name: kubeflow-pipelines
    application-crd-id: kubeflow-pipelines
  name: pipeline-install-config
  namespace: kubeflow
