apiVersion: v1
data:
  RWO_PVC_SCHEDULING: "True"
kind: ConfigMap
metadata:
  name: tensorboard-controller-config-mcd64bhg84
  namespace: kubeflow
