apiVersion: rbac.authorization.k8s.io/v1
kind: ClusterRole
metadata:
  labels:
    app.kubernetes.io/component: knative-eventing
    app.kubernetes.io/name: knative-eventing
    duck.knative.dev/source: "true"
    eventing.knative.dev/release: v0.22.1
    kustomize.component: knative
  name: eventing-sources-source-observer
rules:
- apiGroups:
  - sources.knative.dev
  resources:
  - apiserversources
  - pingsources
  - sinkbindings
  - containersources
  verbs:
  - get
  - list
  - watch
