apiVersion: v1
data:
  CognitoAppClientId: ""
  CognitoUserPoolArn: ""
  CognitoUserPoolDomain: ""
  certArn: ""
kind: ConfigMap
metadata:
  name: istio-ingress-cognito-parameters
  namespace: istio-system
