apiVersion: secrets-store.csi.x-k8s.io/v1alpha1
kind: SecretProviderClass
metadata:
  name: s3-secret
  namespace: kubeflow
spec:
  parameters:
    objects: "- objectName: \"s3-secret\"\n  objectType: \"secretsmanager\"\n  jmesPath:\n
      \     - path: \"accesskey\"\n        objectAlias: \"access\"\n      - path:
      \"secretkey\"\n        objectAlias: \"secret\"           \n"
  provider: aws
  secretObjects:
  - data:
    - key: accesskey
      objectName: access
    - key: secretkey
      objectName: secret
    secretName: mlpipeline-minio-artifact
    type: Opaque
