apiVersion: v1
data:
  _example: |
    ################################
    #                              #
    #    EXAMPLE CONFIGURATION     #
    #                              #
    ################################

    # This block is not actually functional configuration,
    # but serves to illustrate the available configuration
    # options and document them in a way that is accessible
    # to users that `kubectl edit` this config map.
    #
    # These sample configuration options may be copied out of
    # this example block and unindented to be in the data block
    # to actually change the configuration.

    # List of repositories for which tag to digest resolving should be skipped
    registriesSkippingTagResolving: "kind.local,ko.local,dev.local"

    # digestResolutionTimeout is the maximum time allowed for an image's
    # digests to be resolved.
    digestResolutionTimeout: "10s"

    # ProgressDeadline is the duration we wait for the deployment to
    # be ready before considering it failed.
    progressDeadline: "600s"

    # queueSidecarCPURequest is the requests.cpu to set for the queue proxy sidecar container.
    # If omitted, a default value (currently "25m"), is used.
    queueSidecarCPURequest: "25m"

    # queueSidecarCPULimit is the limits.cpu to set for the queue proxy sidecar container.
    # If omitted, no value is specified and the system default is used.
    queueSidecarCPULimit: "1000m"

    # queueSidecarMemoryRequest is the requests.memory to set for the queue proxy container.
    # If omitted, no value is specified and the system default is used.
    queueSidecarMemoryRequest: "400Mi"

    # queueSidecarMemoryLimit is the limits.memory to set for the queue proxy container.
    # If omitted, no value is specified and the system default is used.
    queueSidecarMemoryLimit: "800Mi"

    # queueSidecarEphemeralStorageRequest is the requests.ephemeral-storage to
    # set for the queue proxy sidecar container.
    # If omitted, no value is specified and the system default is used.
    queueSidecarEphemeralStorageRequest: "512Mi"

    # queueSidecarEphemeralStorageLimit is the limits.ephemeral-storage to set
    # for the queue proxy sidecar container.
    # If omitted, no value is specified and the system default is used.
    queueSidecarEphemeralStorageLimit: "1024Mi"
  progressDeadline: 600s
  queueSidecarImage: gcr.io/knative-releases/knative.dev/serving/cmd/queue@sha256:0b8e031170354950f3395876961452af1c62f7ab5161c9e71867392c11881962
kind: ConfigMap
metadata:
  annotations:
    knative.dev/example-checksum: fa67b403
  labels:
    serving.knative.dev/release: v0.22.1
  name: config-deployment
  namespace: knative-serving
