apiVersion: v1
data:
  _example: |
    ################################
    #                              #
    #    EXAMPLE CONFIGURATION     #
    #                              #
    ################################

    # This block is not actually functional configuration,
    # but serves to illustrate the available configuration
    # options and document them in a way that is accessible
    # to users that `kubectl edit` this config map.
    #
    # These sample configuration options may be copied out of
    # this example block and unindented to be in the data block
    # to actually change the configuration.

    # Common configuration for all Knative codebase
    zap-logger-config: |
      {
        "level": "info",
        "development": false,
        "outputPaths": ["stdout"],
        "errorOutputPaths": ["stderr"],
        "encoding": "json",
        "encoderConfig": {
          "timeKey": "timestamp",
          "levelKey": "severity",
          "nameKey": "logger",
          "callerKey": "caller",
          "messageKey": "message",
          "stacktraceKey": "stacktrace",
          "lineEnding": "",
          "levelEncoder": "",
          "timeEncoder": "iso8601",
          "durationEncoder": "",
          "callerEncoder": ""
        }
      }

    # Log level overrides
    # For all components except the queue proxy,
    # changes are picked up immediately.
    # For queue proxy, changes require recreation of the pods.
    loglevel.controller: "info"
    loglevel.autoscaler: "info"
    loglevel.queueproxy: "info"
    loglevel.webhook: "info"
    loglevel.activator: "info"
    loglevel.hpaautoscaler: "info"
    loglevel.certcontroller: "info"
    loglevel.istiocontroller: "info"
    loglevel.nscontroller: "info"
kind: ConfigMap
metadata:
  annotations:
    knative.dev/example-checksum: d9570453
  labels:
    serving.knative.dev/release: v0.22.1
  name: config-logging
  namespace: knative-serving
